-- Automatically generated by SQLQueryTestSuite
-- Number of queries: 37


-- !query 0
WITH r(level) AS (
  VALUES (0)
  UNION ALL
  SELECT level + 1 FROM r WHERE level < 10
)
SELECT * FROM r
-- !query 0 schema
struct<>
-- !query 0 output
org.apache.spark.sql.AnalysisException
Table or view not found: r; line 4 pos 24


-- !query 1
WITH RECURSIVE r(level) AS (
  VALUES (0)
  UNION ALL
  SELECT level + 1 FROM r WHERE level < 10
)
SELECT * FROM r
-- !query 1 schema
struct<level:int>
-- !query 1 output
0
1
10
2
3
4
5
6
7
8
9


-- !query 2
SET spark.sql.cte.recursion.level.limit=100
-- !query 2 schema
struct<key:string,value:string>
-- !query 2 output
spark.sql.cte.recursion.level.limit	100


-- !query 3
WITH RECURSIVE r(level) AS (
  VALUES (0)
  UNION ALL
  SELECT level + 1 FROM r
)
SELECT * FROM r
-- !query 3 schema
struct<>
-- !query 3 output
org.apache.spark.SparkException
Recursion level limit 100 reached but query has not exhausted, try increasing spark.sql.cte.recursion.level.limit


-- !query 4
WITH RECURSIVE r(level) AS (
  VALUES (0)
  UNION ALL
  SELECT level + 1 FROM r
)
SELECT * FROM r LIMIT 10
-- !query 4 schema
struct<level:int>
-- !query 4 output
0
1
2
3
4
5
6
7
8
9


-- !query 5
WITH RECURSIVE r(level) AS (
  VALUES (0)
  UNION ALL
  SELECT level + 1 FROM r
)
SELECT level, level FROM r LIMIT 10
-- !query 5 schema
struct<level:int,level:int>
-- !query 5 output
0	0
1	1
2	2
3	3
4	4
5	5
6	6
7	7
8	8
9	9


-- !query 6
WITH RECURSIVE r(level) AS (
  VALUES (0)
  UNION ALL
  SELECT level + 1 FROM r
)
SELECT level, level FROM r ORDER BY level LIMIT 10
-- !query 6 schema
struct<>
-- !query 6 output
org.apache.spark.SparkException
Recursion level limit 100 reached but query has not exhausted, try increasing spark.sql.cte.recursion.level.limit


-- !query 7
WITH RECURSIVE r(c) AS (
  SELECT 'a'
  UNION ALL
  SELECT c || ' b' FROM r WHERE LENGTH(c) < 10
)
SELECT * FROM r
-- !query 7 schema
struct<c:string>
-- !query 7 output
a
a b
a b b
a b b b
a b b b b
a b b b b b


-- !query 8
WITH RECURSIVE r(level) AS (
  SELECT level + 1 FROM r WHERE level < 10
  UNION ALL
  VALUES (0)
)
SELECT * FROM r
-- !query 8 schema
struct<level:int>
-- !query 8 output
0
1
10
2
3
4
5
6
7
8
9


-- !query 9
WITH RECURSIVE r(level, data) AS (
  VALUES (0, 'A')
  UNION ALL
  VALUES (0, 'B')
  UNION ALL
  SELECT level + 1, data || 'C' FROM r WHERE level < 3
)
SELECT * FROM r
-- !query 9 schema
struct<level:int,data:string>
-- !query 9 output
0	A
0	B
1	AC
1	BC
2	ACC
2	BCC
3	ACCC
3	BCCC


-- !query 10
WITH RECURSIVE r(level, data) AS (
  VALUES (0, 'A')
  UNION ALL
  SELECT level + 1, data || 'B' FROM r WHERE level < 2
  UNION ALL
  SELECT level + 1, data || 'C' FROM r WHERE level < 3
)
SELECT * FROM r
-- !query 10 schema
struct<level:int,data:string>
-- !query 10 output
0	A
1	AB
1	AC
2	ABB
2	ABC
2	ACB
2	ACC
3	ABBC
3	ABCC
3	ACBC
3	ACCC


-- !query 11
WITH RECURSIVE r(level, data) AS (
  VALUES (0, 'A')
  UNION ALL
  VALUES (0, 'B')
  UNION ALL
  SELECT level + 1, data || 'C' FROM r WHERE level < 2
  UNION ALL
  SELECT level + 1, data || 'D' FROM r WHERE level < 3
)
SELECT * FROM r
-- !query 11 schema
struct<level:int,data:string>
-- !query 11 output
0	A
0	B
1	AC
1	AD
1	BC
1	BD
2	ACC
2	ACD
2	ADC
2	ADD
2	BCC
2	BCD
2	BDC
2	BDD
3	ACCD
3	ACDD
3	ADCD
3	ADDD
3	BCCD
3	BCDD
3	BDCD
3	BDDD


-- !query 12
WITH RECURSIVE r(level) AS (
  SELECT level + 1 FROM r WHERE level < 3
)
SELECT * FROM r
-- !query 12 schema
struct<>
-- !query 12 output
org.apache.spark.sql.AnalysisException
Recursive query r should contain UNION or UNION ALL statements only. This error can also be caused by ORDER BY or LIMIT keywords used on result of UNION or UNION ALL.;


-- !query 13
WITH RECURSIVE r(level) AS (
  VALUES (0), (0)
  UNION
  SELECT (level + 1) % 10 FROM r
)
SELECT * FROM r
-- !query 13 schema
struct<level:int>
-- !query 13 output
0
1
2
3
4
5
6
7
8
9


-- !query 14
WITH RECURSIVE r(level) AS (
  VALUES (0)
  INTERSECT
  SELECT level + 1 FROM r WHERE level < 10
)
SELECT * FROM r
-- !query 14 schema
struct<>
-- !query 14 output
org.apache.spark.sql.AnalysisException
Recursive query r should contain UNION or UNION ALL statements only. This error can also be caused by ORDER BY or LIMIT keywords used on result of UNION or UNION ALL.;


-- !query 15
WITH RECURSIVE r(level) AS (
  VALUES (0)
  UNION ALL
  SELECT level + 1 FROM r WHERE (SELECT SUM(level) FROM r) < 10
)
SELECT * FROM r
-- !query 15 schema
struct<>
-- !query 15 output
org.apache.spark.sql.AnalysisException
Recursive reference r cannot be used here. This can be caused by using it on inner side of an outer join, using it with aggregate or distinct, using it in a subquery or using it multiple times in a recursive term (except for using it on different sides of an UNION ALL).;


-- !query 16
WITH RECURSIVE r(level, data) AS (
  VALUES (0, 'A')
  UNION ALL
  SELECT r1.level + 1, r1.data
  FROM r AS r1
  JOIN r AS r2 ON r2.data = r1.data
  WHERE r1.level < 10
)
SELECT * FROM r
-- !query 16 schema
struct<>
-- !query 16 output
org.apache.spark.sql.AnalysisException
Recursive reference r cannot be used multiple times in a recursive term;


-- !query 17
WITH RECURSIVE r(level, data) AS (
  VALUES (0, 'A')
  UNION ALL
  SELECT level + 1, r.data
  FROM (
    SELECT 'B' AS data
  ) AS o
  LEFT JOIN r ON r.data = o.data
)
SELECT * FROM r
-- !query 17 schema
struct<>
-- !query 17 output
org.apache.spark.sql.AnalysisException
Recursive reference r cannot be used here. This can be caused by using it on inner side of an outer join, using it with aggregate or distinct, using it in a subquery or using it multiple times in a recursive term (except for using it on different sides of an UNION ALL).;


-- !query 18
WITH RECURSIVE r(level, data) AS (
  VALUES (0, 'A')
  UNION ALL
  SELECT level + 1, r.data
  FROM r
  RIGHT JOIN (
    SELECT 'B' AS data
  ) AS o ON o.data = r.data
)
SELECT * FROM r
-- !query 18 schema
struct<>
-- !query 18 output
org.apache.spark.sql.AnalysisException
Recursive reference r cannot be used here. This can be caused by using it on inner side of an outer join, using it with aggregate or distinct, using it in a subquery or using it multiple times in a recursive term (except for using it on different sides of an UNION ALL).;


-- !query 19
WITH RECURSIVE r(level, data) AS (
  SELECT MAX(level) AS level, SUM(data) AS data FROM VALUES (0, 1), (0, 2)
  UNION ALL
  SELECT level + 1, data FROM r WHERE level < 10
)
SELECT * FROM r ORDER BY level
-- !query 19 schema
struct<>
-- !query 19 output
org.apache.spark.sql.AnalysisException
cannot resolve '`level`' given input columns: [col1, col2]; line 2 pos 13


-- !query 20
WITH RECURSIVE r(id, data) AS (
  VALUES (0, 1L)
  UNION ALL
  SELECT 1, SUM(data) FROM r WHERE data < 10 GROUP BY id
)
SELECT * FROM r
-- !query 20 schema
struct<>
-- !query 20 output
org.apache.spark.sql.AnalysisException
Recursive reference r cannot be used here. This can be caused by using it on inner side of an outer join, using it with aggregate or distinct, using it in a subquery or using it multiple times in a recursive term (except for using it on different sides of an UNION ALL).;


-- !query 21
WITH RECURSIVE r(level) AS (
  VALUES (1L)
  UNION ALL
  SELECT SUM(level) FROM r WHERE level < 10
)
SELECT * FROM r
-- !query 21 schema
struct<>
-- !query 21 output
org.apache.spark.sql.AnalysisException
Recursive reference r cannot be used here. This can be caused by using it on inner side of an outer join, using it with aggregate or distinct, using it in a subquery or using it multiple times in a recursive term (except for using it on different sides of an UNION ALL).;


-- !query 22
WITH RECURSIVE r(level, data) AS (
  VALUES (0, 'A')
  UNION ALL
  SELECT level + 1, data FROM r WHERE level < 10
)
SELECT COUNT(*) FROM r
-- !query 22 schema
struct<count(1):bigint>
-- !query 22 output
11


-- !query 23
WITH RECURSIVE r(level, data) AS (
  VALUES (0, 'A')
  UNION ALL
  SELECT DISTINCT level + 1, data FROM r WHERE level < 10
)
SELECT * FROM r
-- !query 23 schema
struct<>
-- !query 23 output
org.apache.spark.sql.AnalysisException
Recursive reference r cannot be used here. This can be caused by using it on inner side of an outer join, using it with aggregate or distinct, using it in a subquery or using it multiple times in a recursive term (except for using it on different sides of an UNION ALL).;


-- !query 24
WITH RECURSIVE y AS (
  VALUES (1) AS t(id)
),
x AS (
  SELECT * FROM y
  UNION ALL
  SELECT id + 1 FROM x WHERE id < 5
)
SELECT * FROM x
-- !query 24 schema
struct<id:int>
-- !query 24 output
1
2
3
4
5


-- !query 25
WITH RECURSIVE x AS (
  VALUES (1) AS t(id)
  UNION ALL
  SELECT id + 1 FROM x WHERE id < 5
),
y AS (
  VALUES (1) AS t(id)
  UNION ALL
  SELECT id + 1 FROM y WHERE id < 10
)
SELECT * FROM y LEFT JOIN x ON x.id = y.id
-- !query 25 schema
struct<id:int,id:int>
-- !query 25 output
1	1
10	NULL
2	2
3	3
4	4
5	5
6	NULL
7	NULL
8	NULL
9	NULL


-- !query 26
WITH RECURSIVE x AS (
  VALUES (1) AS t(id)
  UNION ALL
  SELECT id + 1 FROM x WHERE id < 5
),
y AS (
  VALUES (1) AS t(id)
  UNION ALL
  SELECT id + 1 FROM x WHERE id < 10
)
SELECT * FROM y LEFT JOIN x ON x.id = y.id
-- !query 26 schema
struct<id:int,id:int>
-- !query 26 output
1	1
2	2
3	3
4	4
5	5
6	NULL


-- !query 27
WITH RECURSIVE x AS (
  SELECT 1 AS id
  UNION ALL
  SELECT id + 1 FROM x WHERE id < 3
),
y AS (
  SELECT * FROM x
  UNION ALL
  SELECT * FROM x
),
z AS (
  SELECT * FROM x
  UNION ALL
  SELECT id + 1 FROM z WHERE id < 10
)
SELECT * FROM z
-- !query 27 schema
struct<id:int>
-- !query 27 output
1
10
10
10
2
2
3
3
3
4
4
4
5
5
5
6
6
6
7
7
7
8
8
8
9
9
9


-- !query 28
WITH RECURSIVE x AS (
  SELECT 1 AS id
  UNION ALL
  SELECT id + 1 FROM x WHERE id < 3
),
y AS (
  SELECT * FROM x
  UNION ALL
  SELECT * FROM x
),
z AS (
  SELECT * FROM y
  UNION ALL
  SELECT id + 1 FROM z WHERE id < 10
)
SELECT * FROM z
-- !query 28 schema
struct<id:int>
-- !query 28 output
1
1
10
10
10
10
10
10
2
2
2
2
3
3
3
3
3
3
4
4
4
4
4
4
5
5
5
5
5
5
6
6
6
6
6
6
7
7
7
7
7
7
8
8
8
8
8
8
9
9
9
9
9
9


-- !query 29
WITH t AS (
  WITH RECURSIVE s AS (
    VALUES (1) AS t(i)
    UNION ALL
    SELECT i + 1 FROM s
  )
  SELECT i AS j FROM s LIMIT 10
)
SELECT * FROM t
-- !query 29 schema
struct<j:int>
-- !query 29 output
1
10
2
3
4
5
6
7
8
9


-- !query 30
WITH RECURSIVE outermost AS (
  WITH innermost AS (
    SELECT * FROM outermost
  )
  SELECT level + 1 FROM innermost WHERE level < 5
  UNION ALL
  SELECT 0 AS level
)
SELECT * FROM outermost
-- !query 30 schema
struct<level:int>
-- !query 30 output
0
1
2
3
4
5


-- !query 31
WITH RECURSIVE t AS (
  WITH RECURSIVE s AS (
    VALUES (1) AS t(i)
    UNION ALL
    SELECT i + 1 FROM s WHERE i < 10
  )
  SELECT i AS j FROM s
  UNION ALL
  SELECT j + 1 FROM t WHERE j < 10
)
SELECT * FROM t
-- !query 31 schema
struct<j:int>
-- !query 31 output
1
10
10
10
10
10
10
10
10
10
10
2
2
3
3
3
4
4
4
4
5
5
5
5
5
6
6
6
6
6
6
7
7
7
7
7
7
7
8
8
8
8
8
8
8
8
9
9
9
9
9
9
9
9
9


-- !query 32
WITH RECURSIVE t AS (
  WITH RECURSIVE s AS (
    SELECT j, 1 AS i FROM t
    UNION ALL
    SELECT j, i + 1 FROM s WHERE i < 3
  )
  VALUES (1) as t(j)
  UNION ALL
  SELECT j + 1 FROM s WHERE j < 3
)
SELECT * FROM t
-- !query 32 schema
struct<j:int>
-- !query 32 output
1
2
2
2
3
3
3
3
3
3
3
3
3


-- !query 33
CREATE TEMPORARY VIEW routes(origin, destination) AS VALUES
  ('New York', 'Washington'),
  ('New York', 'Boston'),
  ('Boston', 'New York'),
  ('Washington', 'Boston'),
  ('Washington', 'Raleigh')
-- !query 33 schema
struct<>
-- !query 33 output



-- !query 34
WITH RECURSIVE destinations_from_new_york AS (
  SELECT 'New York' AS destination, ARRAY('New York') AS path, 0 AS length
  UNION ALL
  SELECT r.destination, CONCAT(d.path, ARRAY(r.destination)), d.length + 1
  FROM routes AS r
  JOIN destinations_from_new_york AS d ON d.destination = r.origin AND NOT ARRAY_CONTAINS(d.path, r.destination)
)
SELECT * FROM destinations_from_new_york
-- !query 34 schema
struct<destination:string,path:array<string>,length:int>
-- !query 34 output
Boston	["New York","Boston"]	1
Boston	["New York","Washington","Boston"]	2
New York	["New York"]	0
Raleigh	["New York","Washington","Raleigh"]	2
Washington	["New York","Washington"]	1


-- !query 35
WITH RECURSIVE fibonacci AS (
  VALUES (0, 1) AS t(a, b)
  UNION ALL
  SELECT b, a + b FROM fibonacci WHERE a < 10
)
SELECT a FROM fibonacci ORDER BY a
-- !query 35 schema
struct<a:int>
-- !query 35 output
0
1
1
2
3
5
8
13


-- !query 36
DROP VIEW IF EXISTS routes
-- !query 36 schema
struct<>
-- !query 36 output

