-- Automatically generated by SQLQueryTestSuite
-- Number of queries: 32


-- !query 0
select current_date = current_date(), current_timestamp = current_timestamp()
-- !query 0 schema
struct<(current_date() = current_date()):boolean,(current_timestamp() = current_timestamp()):boolean>
-- !query 0 output
true	true


-- !query 1
select to_date(null), to_date('2016-12-31'), to_date('2016-12-31', 'yyyy-MM-dd')
-- !query 1 schema
struct<to_date(NULL):date,to_date('2016-12-31'):date,to_date('2016-12-31', 'yyyy-MM-dd'):date>
-- !query 1 output
NULL	2016-12-31	2016-12-31


-- !query 2
select to_timestamp(null), to_timestamp('2016-12-31 00:12:00'), to_timestamp('2016-12-31', 'yyyy-MM-dd')
-- !query 2 schema
struct<to_timestamp(NULL):timestamp,to_timestamp('2016-12-31 00:12:00'):timestamp,to_timestamp('2016-12-31', 'yyyy-MM-dd'):timestamp>
-- !query 2 output
NULL	2016-12-31 00:12:00	2016-12-31 00:00:00


-- !query 3
select dayofweek('2007-02-03'), dayofweek('2009-07-30'), dayofweek('2017-05-27'), dayofweek(null), dayofweek('1582-10-15 13:10:15')
-- !query 3 schema
struct<dayofweek(CAST(2007-02-03 AS DATE)):int,dayofweek(CAST(2009-07-30 AS DATE)):int,dayofweek(CAST(2017-05-27 AS DATE)):int,dayofweek(CAST(NULL AS DATE)):int,dayofweek(CAST(1582-10-15 13:10:15 AS DATE)):int>
-- !query 3 output
7	5	7	NULL	6


-- !query 4
create temporary view ttf1 as select * from values
  (1, 2),
  (2, 3)
  as ttf1(current_date, current_timestamp)
-- !query 4 schema
struct<>
-- !query 4 output



-- !query 5
select current_date, current_timestamp from ttf1
-- !query 5 schema
struct<current_date:int,current_timestamp:int>
-- !query 5 output
1	2
2	3


-- !query 6
create temporary view ttf2 as select * from values
  (1, 2),
  (2, 3)
  as ttf2(a, b)
-- !query 6 schema
struct<>
-- !query 6 output



-- !query 7
select current_date = current_date(), current_timestamp = current_timestamp(), a, b from ttf2
-- !query 7 schema
struct<(current_date() = current_date()):boolean,(current_timestamp() = current_timestamp()):boolean,a:int,b:int>
-- !query 7 output
true	true	1	2
true	true	2	3


-- !query 8
select a, b from ttf2 order by a, current_date
-- !query 8 schema
struct<a:int,b:int>
-- !query 8 output
1	2
2	3


-- !query 9
select weekday('2007-02-03'), weekday('2009-07-30'), weekday('2017-05-27'), weekday(null), weekday('1582-10-15 13:10:15')
-- !query 9 schema
struct<weekday(CAST(2007-02-03 AS DATE)):int,weekday(CAST(2009-07-30 AS DATE)):int,weekday(CAST(2017-05-27 AS DATE)):int,weekday(CAST(NULL AS DATE)):int,weekday(CAST(1582-10-15 13:10:15 AS DATE)):int>
-- !query 9 output
5	3	5	NULL	4


-- !query 10
select year('1500-01-01'), month('1500-01-01'), dayOfYear('1500-01-01')
-- !query 10 schema
struct<year(CAST(1500-01-01 AS DATE)):int,month(CAST(1500-01-01 AS DATE)):int,dayofyear(CAST(1500-01-01 AS DATE)):int>
-- !query 10 output
1500	1	1


-- !query 11
select date '2001-09-28' + 7
-- !query 11 schema
struct<date_add(DATE '2001-09-28', 7):date>
-- !query 11 output
2001-10-05


-- !query 12
select 7 + date '2001-09-28'
-- !query 12 schema
struct<date_add(DATE '2001-09-28', 7):date>
-- !query 12 output
2001-10-05


-- !query 13
select date '2001-10-01' - 7
-- !query 13 schema
struct<date_sub(DATE '2001-10-01', 7):date>
-- !query 13 output
2001-09-24


-- !query 14
select date '2001-10-01' - date '2001-09-28'
-- !query 14 schema
struct<subtractdates(DATE '2001-10-01', DATE '2001-09-28'):interval>
-- !query 14 output
interval 3 days


-- !query 15
select date'2020-01-01' - timestamp'2019-10-06 10:11:12.345678'
-- !query 15 schema
struct<subtracttimestamps(CAST(DATE '2020-01-01' AS TIMESTAMP), TIMESTAMP('2019-10-06 10:11:12.345678')):interval>
-- !query 15 output
interval 12 weeks 2 days 14 hours 48 minutes 47 seconds 654 milliseconds 322 microseconds


-- !query 16
select timestamp'2019-10-06 10:11:12.345678' - date'2020-01-01'
-- !query 16 schema
struct<subtracttimestamps(TIMESTAMP('2019-10-06 10:11:12.345678'), CAST(DATE '2020-01-01' AS TIMESTAMP)):interval>
-- !query 16 output
interval -12 weeks -2 days -14 hours -48 minutes -47 seconds -654 milliseconds -322 microseconds


-- !query 17
select interval '1.41 years'
-- !query 17 schema
struct<interval 1 years 4 months:interval>
-- !query 17 output
interval 1 years 4 months


-- !query 18
select interval '2.512345678 months'
-- !query 18 schema
struct<interval 2 months 2 weeks 1 days 8 hours 53 minutes 19 seconds 997 milliseconds 376 microseconds:interval>
-- !query 18 output
interval 2 months 2 weeks 1 days 8 hours 53 minutes 19 seconds 997 milliseconds 376 microseconds


-- !query 19
select interval '2.51 months'
-- !query 19 schema
struct<interval 2 months 2 weeks 1 days 7 hours 12 minutes:interval>
-- !query 19 output
interval 2 months 2 weeks 1 days 7 hours 12 minutes


-- !query 20
select interval '2.21 weeks'
-- !query 20 schema
struct<interval 2 weeks 1 days 11 hours 16 minutes 48 seconds:interval>
-- !query 20 output
interval 2 weeks 1 days 11 hours 16 minutes 48 seconds


-- !query 21
select interval '15.24 days'
-- !query 21 schema
struct<interval 2 weeks 1 days 5 hours 45 minutes 36 seconds:interval>
-- !query 21 output
interval 2 weeks 1 days 5 hours 45 minutes 36 seconds


-- !query 22
select interval '3.31 hours'
-- !query 22 schema
struct<interval 3 hours 18 minutes 36 seconds:interval>
-- !query 22 output
interval 3 hours 18 minutes 36 seconds


-- !query 23
select interval '5.38 minutes'
-- !query 23 schema
struct<interval 5 minutes 22 seconds 800 milliseconds:interval>
-- !query 23 output
interval 5 minutes 22 seconds 800 milliseconds


-- !query 24
select interval '12.3456789 seconds'
-- !query 24 schema
struct<interval 12 seconds 345 milliseconds 678 microseconds:interval>
-- !query 24 output
interval 12 seconds 345 milliseconds 678 microseconds


-- !query 25
select interval '-12.3456789 seconds'
-- !query 25 schema
struct<interval -12 seconds -345 milliseconds -678 microseconds:interval>
-- !query 25 output
interval -12 seconds -345 milliseconds -678 microseconds


-- !query 26
select interval '6.66 milliseconds'
-- !query 26 schema
struct<interval 6 milliseconds 660 microseconds:interval>
-- !query 26 output
interval 6 milliseconds 660 microseconds


-- !query 27
select interval '1.41 years 2.51 months 2.21 weeks 15.24 days 3.31 hours 5.38 minutes 12.3456789 seconds'
-- !query 27 schema
struct<interval 1 years 6 months 6 weeks 4 days 3 hours 38 minutes 35 seconds 145 milliseconds 678 microseconds:interval>
-- !query 27 output
interval 1 years 6 months 6 weeks 4 days 3 hours 38 minutes 35 seconds 145 milliseconds 678 microseconds


-- !query 28
select interval '1.42 years 2.51 months 2.21 weeks 15.24 days 3.31 hours 5.38 minutes 12.3456789 seconds'
-- !query 28 schema
struct<interval 1 years 7 months 6 weeks 4 days 3 hours 38 minutes 35 seconds 145 milliseconds 678 microseconds:interval>
-- !query 28 output
interval 1 years 7 months 6 weeks 4 days 3 hours 38 minutes 35 seconds 145 milliseconds 678 microseconds


-- !query 29
select interval '-1.41 years 2.51 months 2.21 weeks 15.24 days 3.31 hours 5.38 minutes 12.3456789 seconds'
-- !query 29 schema
struct<interval -1 years -2 months 6 weeks 4 days 3 hours 38 minutes 35 seconds 145 milliseconds 678 microseconds:interval>
-- !query 29 output
interval -1 years -2 months 6 weeks 4 days 3 hours 38 minutes 35 seconds 145 milliseconds 678 microseconds


-- !query 30
select interval '-1.42 years 2.51 months 2.21 weeks 15.24 days 3.31 hours 5.38 minutes 12.3456789 seconds'
-- !query 30 schema
struct<interval -1 years -3 months 6 weeks 4 days 3 hours 38 minutes 35 seconds 145 milliseconds 678 microseconds:interval>
-- !query 30 output
interval -1 years -3 months 6 weeks 4 days 3 hours 38 minutes 35 seconds 145 milliseconds 678 microseconds


-- !query 31
select interval '.1111111111' second
-- !query 31 schema
struct<interval 111 milliseconds 111 microseconds:interval>
-- !query 31 output
interval 111 milliseconds 111 microseconds
