-- Automatically generated by SQLQueryTestSuite
-- Number of queries: 16


-- !query 0
select interval '1 day' > interval '23 hour'
-- !query 0 schema
struct<(interval 1 days > interval 23 hours):boolean>
-- !query 0 output
true


-- !query 1
select interval '-1 day' >= interval '-23 hour'
-- !query 1 schema
struct<(interval -1 days >= interval -23 hours):boolean>
-- !query 1 output
false


-- !query 2
select interval '-1 day' > null
-- !query 2 schema
struct<(interval -1 days > CAST(NULL AS INTERVAL)):boolean>
-- !query 2 output
NULL


-- !query 3
select null > interval '-1 day'
-- !query 3 schema
struct<(CAST(NULL AS INTERVAL) > interval -1 days):boolean>
-- !query 3 output
NULL


-- !query 4
select interval '1 minutes' < interval '1 hour'
-- !query 4 schema
struct<(interval 1 minutes < interval 1 hours):boolean>
-- !query 4 output
true


-- !query 5
select interval '-1 day' >= interval '-23 hour'
-- !query 5 schema
struct<(interval -1 days >= interval -23 hours):boolean>
-- !query 5 output
false


-- !query 6
select interval '1 minutes' = interval '1 hour'
-- !query 6 schema
struct<(interval 1 minutes = interval 1 hours):boolean>
-- !query 6 output
false


-- !query 7
select interval '1 minutes' = null
-- !query 7 schema
struct<(interval 1 minutes = CAST(NULL AS INTERVAL)):boolean>
-- !query 7 output
NULL


-- !query 8
select null = interval '-1 day'
-- !query 8 schema
struct<(CAST(NULL AS INTERVAL) = interval -1 days):boolean>
-- !query 8 output
NULL


-- !query 9
select interval '1 minutes' <=> null
-- !query 9 schema
struct<(interval 1 minutes <=> CAST(NULL AS INTERVAL)):boolean>
-- !query 9 output
false


-- !query 10
select null <=> interval '1 minutes'
-- !query 10 schema
struct<(CAST(NULL AS INTERVAL) <=> interval 1 minutes):boolean>
-- !query 10 output
false


-- !query 11
select INTERVAL '9 years 1 months -1 weeks -4 days -10 hours -46 minutes' > interval '1 minutes'
-- !query 11 schema
struct<(interval 9 years 1 months -1 weeks -4 days -10 hours -46 minutes > interval 1 minutes):boolean>
-- !query 11 output
true


-- !query 12
select cast(v as interval) i from VALUES ('1 seconds'), ('4 seconds'), ('3 seconds') t(v) order by i
-- !query 12 schema
struct<i:interval>
-- !query 12 output
interval 1 seconds
interval 3 seconds
interval 4 seconds


-- !query 13
select interval '1 month 120 days' > interval '2 month'
-- !query 13 schema
struct<(interval 1 months 17 weeks 1 days > interval 2 months):boolean>
-- !query 13 output
true


-- !query 14
select max(cast(v as interval)) from VALUES ('1 seconds'), ('4 seconds'), ('3 seconds') t(v)
-- !query 14 schema
struct<max(CAST(v AS INTERVAL)):interval>
-- !query 14 output
interval 4 seconds


-- !query 15
select min(cast(v as interval)) from VALUES ('1 seconds'), ('4 seconds'), ('3 seconds') t(v)
-- !query 15 schema
struct<min(CAST(v AS INTERVAL)):interval>
-- !query 15 output
interval 1 seconds
