-- Automatically generated by SQLQueryTestSuite
-- Number of queries: 1


-- !query
/* This is the first example of bracketed comment.
SELECT 'ommented out content' AS first;
*/
SELECT 'selected content' AS first
-- !query schema
struct<first:string>
-- !query output
selected content
