-- Automatically generated by SQLQueryTestSuite
-- Number of queries: 21


-- !query
CREATE DATABASE showdb
-- !query schema
struct<>
-- !query output



-- !query
USE showdb
-- !query schema
struct<>
-- !query output



-- !query
CREATE TABLE tbl(a String, b Int, c String, d String) USING parquet
-- !query schema
struct<>
-- !query output



-- !query
CREATE VIEW view_1 AS SELECT * FROM tbl
-- !query schema
struct<>
-- !query output



-- !query
CREATE VIEW view_2 AS SELECT * FROM tbl WHERE c='a'
-- !query schema
struct<>
-- !query output



-- !query
CREATE TEMPORARY VIEW view_3(e int) USING parquet
-- !query schema
struct<>
-- !query output



-- !query
CREATE GLOBAL TEMP VIEW view_4 AS SELECT 1 as col1
-- !query schema
struct<>
-- !query output



-- !query
SHOW VIEWS
-- !query schema
struct<database:string,viewName:string,isTemporary:boolean>
-- !query output
	aggtest	true
	arraydata	true
	mapdata	true
	onek	true
	tenk1	true
	testdata	true
	view_3	true
global_temp	view_4	true
showdb	view_1	false
showdb	view_2	false


-- !query
SHOW VIEWS FROM showdb
-- !query schema
struct<database:string,viewName:string,isTemporary:boolean>
-- !query output
	aggtest	true
	arraydata	true
	mapdata	true
	onek	true
	tenk1	true
	testdata	true
	view_3	true
global_temp	view_4	true
showdb	view_1	false
showdb	view_2	false


-- !query
SHOW VIEWS IN showdb
-- !query schema
struct<database:string,viewName:string,isTemporary:boolean>
-- !query output
	aggtest	true
	arraydata	true
	mapdata	true
	onek	true
	tenk1	true
	testdata	true
	view_3	true
global_temp	view_4	true
showdb	view_1	false
showdb	view_2	false


-- !query
SHOW VIEWS IN global_temp
-- !query schema
struct<database:string,viewName:string,isTemporary:boolean>
-- !query output
	aggtest	true
	arraydata	true
	mapdata	true
	onek	true
	tenk1	true
	testdata	true
	view_3	true
global_temp	view_4	true


-- !query
SHOW VIEWS 'view_*'
-- !query schema
struct<database:string,viewName:string,isTemporary:boolean>
-- !query output
	view_3	true
global_temp	view_4	true
showdb	view_1	false
showdb	view_2	false


-- !query
SHOW VIEWS LIKE 'view_1*|view_2*'
-- !query schema
struct<database:string,viewName:string,isTemporary:boolean>
-- !query output
showdb	view_1	false
showdb	view_2	false


-- !query
SHOW VIEWS IN showdb 'view_*'
-- !query schema
struct<database:string,viewName:string,isTemporary:boolean>
-- !query output
	view_3	true
global_temp	view_4	true
showdb	view_1	false
showdb	view_2	false


-- !query
DROP VIEW view_1
-- !query schema
struct<>
-- !query output



-- !query
DROP VIEW view_2
-- !query schema
struct<>
-- !query output



-- !query
DROP VIEW view_3
-- !query schema
struct<>
-- !query output



-- !query
DROP VIEW global_temp.view_4
-- !query schema
struct<>
-- !query output



-- !query
DROP TABLE tbl
-- !query schema
struct<>
-- !query output



-- !query
USE default
-- !query schema
struct<>
-- !query output



-- !query
DROP DATABASE showdb
-- !query schema
struct<>
-- !query output

