-- Automatically generated by SQLQueryTestSuite
-- Number of queries: 95


-- !query
CREATE TABLE FLOAT8_TBL(f1 double) USING parquet
-- !query schema
struct<>
-- !query output



-- !query
INSERT INTO FLOAT8_TBL VALUES (double('    0.0   '))
-- !query schema
struct<>
-- !query output



-- !query
INSERT INTO FLOAT8_TBL VALUES (double('1004.30  '))
-- !query schema
struct<>
-- !query output



-- !query
INSERT INTO FLOAT8_TBL VALUES (double('   -34.84'))
-- !query schema
struct<>
-- !query output



-- !query
INSERT INTO FLOAT8_TBL VALUES (double('1.2345678901234e+200'))
-- !query schema
struct<>
-- !query output



-- !query
INSERT INTO FLOAT8_TBL VALUES (double('1.2345678901234e-200'))
-- !query schema
struct<>
-- !query output



-- !query
SELECT double('10e400')
-- !query schema
struct<CAST(10e400 AS DOUBLE):double>
-- !query output
Infinity


-- !query
SELECT double('-10e400')
-- !query schema
struct<CAST(-10e400 AS DOUBLE):double>
-- !query output
-Infinity


-- !query
SELECT double('10e-400')
-- !query schema
struct<CAST(10e-400 AS DOUBLE):double>
-- !query output
0.0


-- !query
SELECT double('-10e-400')
-- !query schema
struct<CAST(-10e-400 AS DOUBLE):double>
-- !query output
-0.0


-- !query
SELECT double('NaN')
-- !query schema
struct<CAST(NaN AS DOUBLE):double>
-- !query output
NaN


-- !query
SELECT double('nan')
-- !query schema
struct<CAST(nan AS DOUBLE):double>
-- !query output
NaN


-- !query
SELECT double('   NAN  ')
-- !query schema
struct<CAST(   NAN   AS DOUBLE):double>
-- !query output
NaN


-- !query
SELECT double('infinity')
-- !query schema
struct<CAST(infinity AS DOUBLE):double>
-- !query output
Infinity


-- !query
SELECT double('          -INFINiTY   ')
-- !query schema
struct<CAST(          -INFINiTY    AS DOUBLE):double>
-- !query output
-Infinity


-- !query
SELECT double('N A N')
-- !query schema
struct<>
-- !query output
java.lang.NumberFormatException
invalid input syntax for type numeric: N A N


-- !query
SELECT double('NaN x')
-- !query schema
struct<>
-- !query output
java.lang.NumberFormatException
invalid input syntax for type numeric: NaN x


-- !query
SELECT double(' INFINITY    x')
-- !query schema
struct<>
-- !query output
java.lang.NumberFormatException
invalid input syntax for type numeric:  INFINITY    x


-- !query
SELECT double('Infinity') + 100.0
-- !query schema
struct<(CAST(Infinity AS DOUBLE) + CAST(100.0 AS DOUBLE)):double>
-- !query output
Infinity


-- !query
SELECT double('Infinity') / double('Infinity')
-- !query schema
struct<(CAST(Infinity AS DOUBLE) / CAST(Infinity AS DOUBLE)):double>
-- !query output
NaN


-- !query
SELECT double('NaN') / double('NaN')
-- !query schema
struct<(CAST(NaN AS DOUBLE) / CAST(NaN AS DOUBLE)):double>
-- !query output
NaN


-- !query
SELECT double(decimal('nan'))
-- !query schema
struct<>
-- !query output
java.lang.NumberFormatException
invalid input syntax for type numeric: nan


-- !query
SELECT '' AS five, * FROM FLOAT8_TBL
-- !query schema
struct<five:string,f1:double>
-- !query output
	-34.84
	0.0
	1.2345678901234E-200
	1.2345678901234E200
	1004.3


-- !query
SELECT '' AS four, f.* FROM FLOAT8_TBL f WHERE f.f1 <> '1004.3'
-- !query schema
struct<four:string,f1:double>
-- !query output
	-34.84
	0.0
	1.2345678901234E-200
	1.2345678901234E200


-- !query
SELECT '' AS one, f.* FROM FLOAT8_TBL f WHERE f.f1 = '1004.3'
-- !query schema
struct<one:string,f1:double>
-- !query output
	1004.3


-- !query
SELECT '' AS three, f.* FROM FLOAT8_TBL f WHERE '1004.3' > f.f1
-- !query schema
struct<three:string,f1:double>
-- !query output
	-34.84
	0.0
	1.2345678901234E-200


-- !query
SELECT '' AS three, f.* FROM FLOAT8_TBL f WHERE  f.f1 < '1004.3'
-- !query schema
struct<three:string,f1:double>
-- !query output
	-34.84
	0.0
	1.2345678901234E-200


-- !query
SELECT '' AS four, f.* FROM FLOAT8_TBL f WHERE '1004.3' >= f.f1
-- !query schema
struct<four:string,f1:double>
-- !query output
	-34.84
	0.0
	1.2345678901234E-200
	1004.3


-- !query
SELECT '' AS four, f.* FROM FLOAT8_TBL f WHERE  f.f1 <= '1004.3'
-- !query schema
struct<four:string,f1:double>
-- !query output
	-34.84
	0.0
	1.2345678901234E-200
	1004.3


-- !query
SELECT '' AS three, f.f1, f.f1 * '-10' AS x
   FROM FLOAT8_TBL f
   WHERE f.f1 > '0.0'
-- !query schema
struct<three:string,f1:double,x:double>
-- !query output
	1.2345678901234E-200	-1.2345678901234E-199
	1.2345678901234E200	-1.2345678901234E201
	1004.3	-10043.0


-- !query
SELECT '' AS three, f.f1, f.f1 + '-10' AS x
   FROM FLOAT8_TBL f
   WHERE f.f1 > '0.0'
-- !query schema
struct<three:string,f1:double,x:double>
-- !query output
	1.2345678901234E-200	-10.0
	1.2345678901234E200	1.2345678901234E200
	1004.3	994.3


-- !query
SELECT '' AS three, f.f1, f.f1 / '-10' AS x
   FROM FLOAT8_TBL f
   WHERE f.f1 > '0.0'
-- !query schema
struct<three:string,f1:double,x:double>
-- !query output
	1.2345678901234E-200	-1.2345678901234E-201
	1.2345678901234E200	-1.2345678901234E199
	1004.3	-100.42999999999999


-- !query
SELECT '' AS three, f.f1, f.f1 - '-10' AS x
   FROM FLOAT8_TBL f
   WHERE f.f1 > '0.0'
-- !query schema
struct<three:string,f1:double,x:double>
-- !query output
	1.2345678901234E-200	10.0
	1.2345678901234E200	1.2345678901234E200
	1004.3	1014.3


-- !query
SELECT '' AS five, f.f1, round(f.f1) AS round_f1
   FROM FLOAT8_TBL f
-- !query schema
struct<five:string,f1:double,round_f1:double>
-- !query output
	-34.84	-35.0
	0.0	0.0
	1.2345678901234E-200	0.0
	1.2345678901234E200	1.2345678901234E200
	1004.3	1004.0


-- !query
select ceil(f1) as ceil_f1 from float8_tbl f
-- !query schema
struct<ceil_f1:bigint>
-- !query output
-34
0
1
1005
9223372036854775807


-- !query
select ceiling(f1) as ceiling_f1 from float8_tbl f
-- !query schema
struct<ceiling_f1:bigint>
-- !query output
-34
0
1
1005
9223372036854775807


-- !query
select floor(f1) as floor_f1 from float8_tbl f
-- !query schema
struct<floor_f1:bigint>
-- !query output
-35
0
0
1004
9223372036854775807


-- !query
select sign(f1) as sign_f1 from float8_tbl f
-- !query schema
struct<sign_f1:double>
-- !query output
-1.0
0.0
1.0
1.0
1.0


-- !query
SELECT sqrt(double('64')) AS eight
-- !query schema
struct<eight:double>
-- !query output
8.0


-- !query
SELECT power(double('144'), double('0.5'))
-- !query schema
struct<power(CAST(144 AS DOUBLE), CAST(0.5 AS DOUBLE)):double>
-- !query output
12.0


-- !query
SELECT power(double('NaN'), double('0.5'))
-- !query schema
struct<power(CAST(NaN AS DOUBLE), CAST(0.5 AS DOUBLE)):double>
-- !query output
NaN


-- !query
SELECT power(double('144'), double('NaN'))
-- !query schema
struct<power(CAST(144 AS DOUBLE), CAST(NaN AS DOUBLE)):double>
-- !query output
NaN


-- !query
SELECT power(double('NaN'), double('NaN'))
-- !query schema
struct<power(CAST(NaN AS DOUBLE), CAST(NaN AS DOUBLE)):double>
-- !query output
NaN


-- !query
SELECT power(double('-1'), double('NaN'))
-- !query schema
struct<power(CAST(-1 AS DOUBLE), CAST(NaN AS DOUBLE)):double>
-- !query output
NaN


-- !query
SELECT power(double('1'), double('NaN'))
-- !query schema
struct<power(CAST(1 AS DOUBLE), CAST(NaN AS DOUBLE)):double>
-- !query output
NaN


-- !query
SELECT power(double('NaN'), double('0'))
-- !query schema
struct<power(CAST(NaN AS DOUBLE), CAST(0 AS DOUBLE)):double>
-- !query output
1.0


-- !query
SELECT '' AS three, f.f1, exp(ln(f.f1)) AS exp_ln_f1
   FROM FLOAT8_TBL f
   WHERE f.f1 > '0.0'
-- !query schema
struct<three:string,f1:double,exp_ln_f1:double>
-- !query output
	1.2345678901234E-200	1.2345678901233948E-200
	1.2345678901234E200	1.234567890123379E200
	1004.3	1004.3000000000004


-- !query
SELECT '' AS five, * FROM FLOAT8_TBL
-- !query schema
struct<five:string,f1:double>
-- !query output
	-34.84
	0.0
	1.2345678901234E-200
	1.2345678901234E200
	1004.3


-- !query
CREATE TEMPORARY VIEW UPDATED_FLOAT8_TBL as
SELECT
  CASE WHEN FLOAT8_TBL.f1 > '0.0' THEN FLOAT8_TBL.f1 * '-1' ELSE FLOAT8_TBL.f1 END AS f1
FROM FLOAT8_TBL
-- !query schema
struct<>
-- !query output



-- !query
SELECT '' AS bad, f.f1 * '1e200' from UPDATED_FLOAT8_TBL f
-- !query schema
struct<bad:string,(f1 * CAST(1e200 AS DOUBLE)):double>
-- !query output
	-1.0042999999999999E203
	-1.2345678901234
	-3.484E201
	-Infinity
	0.0


-- !query
SELECT '' AS five, * FROM UPDATED_FLOAT8_TBL
-- !query schema
struct<five:string,f1:double>
-- !query output
	-1.2345678901234E-200
	-1.2345678901234E200
	-1004.3
	-34.84
	0.0


-- !query
SELECT sinh(double('1'))
-- !query schema
struct<sinh(CAST(1 AS DOUBLE)):double>
-- !query output
1.1752011936438014


-- !query
SELECT cosh(double('1'))
-- !query schema
struct<cosh(CAST(1 AS DOUBLE)):double>
-- !query output
1.543080634815244


-- !query
SELECT tanh(double('1'))
-- !query schema
struct<tanh(CAST(1 AS DOUBLE)):double>
-- !query output
0.7615941559557649


-- !query
SELECT asinh(double('1'))
-- !query schema
struct<asinh(CAST(1 AS DOUBLE)):double>
-- !query output
0.8813735870195429


-- !query
SELECT acosh(double('2'))
-- !query schema
struct<acosh(CAST(2 AS DOUBLE)):double>
-- !query output
1.3169578969248166


-- !query
SELECT atanh(double('0.5'))
-- !query schema
struct<atanh(CAST(0.5 AS DOUBLE)):double>
-- !query output
0.5493061443340548


-- !query
SELECT sinh(double('Infinity'))
-- !query schema
struct<sinh(CAST(Infinity AS DOUBLE)):double>
-- !query output
Infinity


-- !query
SELECT sinh(double('-Infinity'))
-- !query schema
struct<sinh(CAST(-Infinity AS DOUBLE)):double>
-- !query output
-Infinity


-- !query
SELECT sinh(double('NaN'))
-- !query schema
struct<sinh(CAST(NaN AS DOUBLE)):double>
-- !query output
NaN


-- !query
SELECT cosh(double('Infinity'))
-- !query schema
struct<cosh(CAST(Infinity AS DOUBLE)):double>
-- !query output
Infinity


-- !query
SELECT cosh(double('-Infinity'))
-- !query schema
struct<cosh(CAST(-Infinity AS DOUBLE)):double>
-- !query output
Infinity


-- !query
SELECT cosh(double('NaN'))
-- !query schema
struct<cosh(CAST(NaN AS DOUBLE)):double>
-- !query output
NaN


-- !query
SELECT tanh(double('Infinity'))
-- !query schema
struct<tanh(CAST(Infinity AS DOUBLE)):double>
-- !query output
1.0


-- !query
SELECT tanh(double('-Infinity'))
-- !query schema
struct<tanh(CAST(-Infinity AS DOUBLE)):double>
-- !query output
-1.0


-- !query
SELECT tanh(double('NaN'))
-- !query schema
struct<tanh(CAST(NaN AS DOUBLE)):double>
-- !query output
NaN


-- !query
SELECT asinh(double('Infinity'))
-- !query schema
struct<asinh(CAST(Infinity AS DOUBLE)):double>
-- !query output
Infinity


-- !query
SELECT asinh(double('-Infinity'))
-- !query schema
struct<asinh(CAST(-Infinity AS DOUBLE)):double>
-- !query output
-Infinity


-- !query
SELECT asinh(double('NaN'))
-- !query schema
struct<asinh(CAST(NaN AS DOUBLE)):double>
-- !query output
NaN


-- !query
SELECT acosh(double('Infinity'))
-- !query schema
struct<acosh(CAST(Infinity AS DOUBLE)):double>
-- !query output
Infinity


-- !query
SELECT acosh(double('-Infinity'))
-- !query schema
struct<acosh(CAST(-Infinity AS DOUBLE)):double>
-- !query output
NaN


-- !query
SELECT acosh(double('NaN'))
-- !query schema
struct<acosh(CAST(NaN AS DOUBLE)):double>
-- !query output
NaN


-- !query
SELECT atanh(double('Infinity'))
-- !query schema
struct<atanh(CAST(Infinity AS DOUBLE)):double>
-- !query output
NaN


-- !query
SELECT atanh(double('-Infinity'))
-- !query schema
struct<atanh(CAST(-Infinity AS DOUBLE)):double>
-- !query output
NaN


-- !query
SELECT atanh(double('NaN'))
-- !query schema
struct<atanh(CAST(NaN AS DOUBLE)):double>
-- !query output
NaN


-- !query
TRUNCATE TABLE FLOAT8_TBL
-- !query schema
struct<>
-- !query output



-- !query
INSERT INTO FLOAT8_TBL VALUES (double('0.0'))
-- !query schema
struct<>
-- !query output



-- !query
INSERT INTO FLOAT8_TBL VALUES (double('-34.84'))
-- !query schema
struct<>
-- !query output



-- !query
INSERT INTO FLOAT8_TBL VALUES (double('-1004.30'))
-- !query schema
struct<>
-- !query output



-- !query
INSERT INTO FLOAT8_TBL VALUES (double('-1.2345678901234e+200'))
-- !query schema
struct<>
-- !query output



-- !query
INSERT INTO FLOAT8_TBL VALUES (double('-1.2345678901234e-200'))
-- !query schema
struct<>
-- !query output



-- !query
SELECT '' AS five, * FROM FLOAT8_TBL
-- !query schema
struct<five:string,f1:double>
-- !query output
	-1.2345678901234E-200
	-1.2345678901234E200
	-1004.3
	-34.84
	0.0


-- !query
SELECT smallint(double('32767.4'))
-- !query schema
struct<CAST(CAST(32767.4 AS DOUBLE) AS SMALLINT):smallint>
-- !query output
32767


-- !query
SELECT smallint(double('32767.6'))
-- !query schema
struct<CAST(CAST(32767.6 AS DOUBLE) AS SMALLINT):smallint>
-- !query output
32767


-- !query
SELECT smallint(double('-32768.4'))
-- !query schema
struct<CAST(CAST(-32768.4 AS DOUBLE) AS SMALLINT):smallint>
-- !query output
-32768


-- !query
SELECT smallint(double('-32768.6'))
-- !query schema
struct<CAST(CAST(-32768.6 AS DOUBLE) AS SMALLINT):smallint>
-- !query output
-32768


-- !query
SELECT int(double('2147483647.4'))
-- !query schema
struct<CAST(CAST(2147483647.4 AS DOUBLE) AS INT):int>
-- !query output
2147483647


-- !query
SELECT int(double('2147483647.6'))
-- !query schema
struct<CAST(CAST(2147483647.6 AS DOUBLE) AS INT):int>
-- !query output
2147483647


-- !query
SELECT int(double('-2147483648.4'))
-- !query schema
struct<CAST(CAST(-2147483648.4 AS DOUBLE) AS INT):int>
-- !query output
-2147483648


-- !query
SELECT int(double('-2147483648.6'))
-- !query schema
struct<CAST(CAST(-2147483648.6 AS DOUBLE) AS INT):int>
-- !query output
-2147483648


-- !query
SELECT bigint(double('9223372036854773760'))
-- !query schema
struct<CAST(CAST(9223372036854773760 AS DOUBLE) AS BIGINT):bigint>
-- !query output
9223372036854773760


-- !query
SELECT bigint(double('9223372036854775807'))
-- !query schema
struct<CAST(CAST(9223372036854775807 AS DOUBLE) AS BIGINT):bigint>
-- !query output
9223372036854775807


-- !query
SELECT bigint(double('-9223372036854775808.5'))
-- !query schema
struct<CAST(CAST(-9223372036854775808.5 AS DOUBLE) AS BIGINT):bigint>
-- !query output
-9223372036854775808


-- !query
SELECT bigint(double('-9223372036854780000'))
-- !query schema
struct<>
-- !query output
java.lang.ArithmeticException
Casting -9.22337203685478E18 to long causes overflow


-- !query
DROP TABLE FLOAT8_TBL
-- !query schema
struct<>
-- !query output

