-- Automatically generated by SQLQueryTestSuite
-- Number of queries: 27


-- !query 0
SELECT INTERVAL '1.5 weeks' AS `Ten days twelve hours`
-- !query 0 schema
struct<Ten days twelve hours:interval>
-- !query 0 output
interval 1 weeks 3 days 12 hours


-- !query 1
SELECT INTERVAL '1.5 months' AS `One month 15 days`
-- !query 1 schema
struct<One month 15 days:interval>
-- !query 1 output
interval 1 months 2 weeks 1 days


-- !query 2
SELECT INTERVAL '10 years -11 month -12 days +13 hours 14 minutes' AS `9 years...`
-- !query 2 schema
struct<9 years...:interval>
-- !query 2 output
interval 9 years 1 months -1 weeks -4 days -10 hours -46 minutes


-- !query 3
SELECT interval '999' second
-- !query 3 schema
struct<interval 16 minutes 39 seconds:interval>
-- !query 3 output
interval 16 minutes 39 seconds


-- !query 4
SELECT interval '999' minute
-- !query 4 schema
struct<interval 16 hours 39 minutes:interval>
-- !query 4 output
interval 16 hours 39 minutes


-- !query 5
SELECT interval '999' hour
-- !query 5 schema
struct<interval 5 weeks 6 days 15 hours:interval>
-- !query 5 output
interval 5 weeks 6 days 15 hours


-- !query 6
SELECT interval '999' day
-- !query 6 schema
struct<interval 142 weeks 5 days:interval>
-- !query 6 output
interval 142 weeks 5 days


-- !query 7
SELECT interval '999' month
-- !query 7 schema
struct<interval 83 years 3 months:interval>
-- !query 7 output
interval 83 years 3 months


-- !query 8
SELECT interval '1' year
-- !query 8 schema
struct<interval 1 years:interval>
-- !query 8 output
interval 1 years


-- !query 9
SELECT interval '2' month
-- !query 9 schema
struct<interval 2 months:interval>
-- !query 9 output
interval 2 months


-- !query 10
SELECT interval '3' day
-- !query 10 schema
struct<interval 3 days:interval>
-- !query 10 output
interval 3 days


-- !query 11
SELECT interval '4' hour
-- !query 11 schema
struct<interval 4 hours:interval>
-- !query 11 output
interval 4 hours


-- !query 12
SELECT interval '5' minute
-- !query 12 schema
struct<interval 5 minutes:interval>
-- !query 12 output
interval 5 minutes


-- !query 13
SELECT interval '6' second
-- !query 13 schema
struct<interval 6 seconds:interval>
-- !query 13 output
interval 6 seconds


-- !query 14
SELECT interval '1-2' year to month
-- !query 14 schema
struct<interval 1 years 2 months:interval>
-- !query 14 output
interval 1 years 2 months


-- !query 15
SELECT interval '1 2:03' day to hour
-- !query 15 schema
struct<interval 1 days 2 hours:interval>
-- !query 15 output
interval 1 days 2 hours


-- !query 16
SELECT interval '1 2:03:04' day to hour
-- !query 16 schema
struct<interval 1 days 2 hours:interval>
-- !query 16 output
interval 1 days 2 hours


-- !query 17
SELECT interval '1 2:03' day to minute
-- !query 17 schema
struct<interval 1 days 2 hours 3 minutes:interval>
-- !query 17 output
interval 1 days 2 hours 3 minutes


-- !query 18
SELECT interval '1 2:03:04' day to minute
-- !query 18 schema
struct<interval 1 days 2 hours 3 minutes:interval>
-- !query 18 output
interval 1 days 2 hours 3 minutes


-- !query 19
SELECT interval '1 2:03' day to second
-- !query 19 schema
struct<interval 1 days 2 hours 3 minutes:interval>
-- !query 19 output
interval 1 days 2 hours 3 minutes


-- !query 20
SELECT interval '1 2:03:04' day to second
-- !query 20 schema
struct<interval 1 days 2 hours 3 minutes 4 seconds:interval>
-- !query 20 output
interval 1 days 2 hours 3 minutes 4 seconds


-- !query 21
SELECT interval '1 2:03' hour to minute
-- !query 21 schema
struct<interval 1 days 2 hours 3 minutes:interval>
-- !query 21 output
interval 1 days 2 hours 3 minutes


-- !query 22
SELECT interval '1 2:03:04' hour to minute
-- !query 22 schema
struct<interval 1 days 2 hours 3 minutes:interval>
-- !query 22 output
interval 1 days 2 hours 3 minutes


-- !query 23
SELECT interval '1 2:03' hour to second
-- !query 23 schema
struct<interval 1 days 2 hours 3 minutes:interval>
-- !query 23 output
interval 1 days 2 hours 3 minutes


-- !query 24
SELECT interval '1 2:03:04' hour to second
-- !query 24 schema
struct<interval 1 days 2 hours 3 minutes 4 seconds:interval>
-- !query 24 output
interval 1 days 2 hours 3 minutes 4 seconds


-- !query 25
SELECT interval '1 2:03' minute to second
-- !query 25 schema
struct<interval 1 days 2 minutes 3 seconds:interval>
-- !query 25 output
interval 1 days 2 minutes 3 seconds


-- !query 26
SELECT interval '1 2:03:04' minute to second
-- !query 26 schema
struct<interval 1 days 2 hours 3 minutes 4 seconds:interval>
-- !query 26 output
interval 1 days 2 hours 3 minutes 4 seconds
